*----------------------------------------------------------------------------------------
*	Innovus 21.35-s114_1 (64bit) 10/13/2022 12:11 (Linux 3.10.0-693.el7.x86_64)
*	
*
* 	Date & Time:	2023-May-23 03:17:22 (2023-May-23 03:17:22 GMT)
*
*----------------------------------------------------------------------------------------
*
*	Design: model_baseline
*
*	Liberty Libraries used: 
*	        WC_VIEW: ../pdk/tsmc65gp/lib/scadv10_cln65gp_lvt_ss_0p9v_125c.lib
*
*	Power Domain used: 
*              Rail:        VDD      Voltage:        0.9 
*
*       Power View : WC_VIEW
*
*       User-Defined Activity : N.A.
*
*       Activity File: N.A.
*
*       Hierarchical Global Activity: N.A.
*
*       Global Activity: N.A.
*
*       Sequential Element Activity: 0.200000
*
*       Primary Input Activity: 0.200000
*
*       Default icg ratio: N.A.
*
*       Global Comb ClockGate Ratio: N.A.
*
*	Power Units = 1mW
*
*	Time Units = 1e-09 secs 
*
*       report_power -outfile ../reports/model_baseline.post_route.power.rpt
*
-----------------------------------------------------------------------------------------


Total Power 
-----------------------------------------------------------------------------------------
Total Internal Power:      108.83290985 	   33.0138%
Total Switching Power:     167.50759646 	   50.8124%
Total Leakage Power:        53.31816542 	   16.1737%
Total Power:               329.65867172 
-----------------------------------------------------------------------------------------


Group                           Internal   Switching     Leakage       Total  Percentage 
                                Power      Power         Power         Power  (%)        
-----------------------------------------------------------------------------------------
Sequential                         5.127       1.464       1.235       7.825       2.374 
Macro                                  0           0           0           0           0 
IO                                     0           0           0           0           0 
Combinational                      103.4       165.2       51.98       320.6       97.24 
Clock (Combinational)             0.2784      0.8842      0.1049       1.268      0.3845 
Clock (Sequential)                     0           0           0           0           0 
-----------------------------------------------------------------------------------------
Total                              108.8       167.5       53.32       329.7         100 
-----------------------------------------------------------------------------------------


Rail                  Voltage   Internal   Switching     Leakage       Total  Percentage 
                                Power      Power         Power         Power  (%)        
-----------------------------------------------------------------------------------------
VDD                       0.9      108.8       167.5       53.32       329.7         100 


Clock                           Internal   Switching     Leakage       Total  Percentage 
                                Power      Power         Power         Power  (%)        
-----------------------------------------------------------------------------------------
clk                               0.2784      0.8842      0.1049       1.268      0.3845 
-----------------------------------------------------------------------------------------
Total (excluding duplicates)      0.2784      0.8842      0.1049       1.268      0.3845 
-----------------------------------------------------------------------------------------
Clock: clk
Clock Period: 0.025000 usec 
Clock Toggle Rate:    80.0000 Mhz 
Clock Static Probability:  0.5000



-----------------------------------------------------------------------------------------
*	Power Distribution Summary: 
*                Highest Average Power: DENSE5/FE_OFC5593_act3_y_122__9 (INVX6MA10TL):          0.02233 
*                Highest Leakage Power: TMR_REG/CTS_ccl_a_buf_00074 (BUFX16BA10TL):        0.0007234 
*          Total Cap:      7.87995e-09 F
*          Total instances in design: 538684
*          Total instances in design with no power:     0
*          Total instances in design with no activity:     0
*          Total Fillers and Decap:     0
-----------------------------------------------------------------------------------------

